Archive member included to satisfy reference by file (symbol)

c:/st/stm32cubeide_1.4.0/stm32cubeide/plugins/com.st.stm32cube.ide.mcu.externaltools.gnu-tools-for-stm32.7-2018-q2-update.win32_1.4.0.202007081208/tools/bin/../lib/gcc/arm-none-eabi/7.3.1/../../../../arm-none-eabi/lib/thumb/v7e-m/fpv4-sp/hard\libc_nano.a(lib_a-errno.o)
                              Core/Src/syscalls.o (__errno)
c:/st/stm32cubeide_1.4.0/stm32cubeide/plugins/com.st.stm32cube.ide.mcu.externaltools.gnu-tools-for-stm32.7-2018-q2-update.win32_1.4.0.202007081208/tools/bin/../lib/gcc/arm-none-eabi/7.3.1/../../../../arm-none-eabi/lib/thumb/v7e-m/fpv4-sp/hard\libc_nano.a(lib_a-exit.o)
                              c:/st/stm32cubeide_1.4.0/stm32cubeide/plugins/com.st.stm32cube.ide.mcu.externaltools.gnu-tools-for-stm32.7-2018-q2-update.win32_1.4.0.202007081208/tools/bin/../lib/gcc/arm-none-eabi/7.3.1/../../../../arm-none-eabi/lib/thumb/v7e-m/fpv4-sp/hard/crt0.o (exit)
c:/st/stm32cubeide_1.4.0/stm32cubeide/plugins/com.st.stm32cube.ide.mcu.externaltools.gnu-tools-for-stm32.7-2018-q2-update.win32_1.4.0.202007081208/tools/bin/../lib/gcc/arm-none-eabi/7.3.1/../../../../arm-none-eabi/lib/thumb/v7e-m/fpv4-sp/hard\libc_nano.a(lib_a-impure.o)
                              c:/st/stm32cubeide_1.4.0/stm32cubeide/plugins/com.st.stm32cube.ide.mcu.externaltools.gnu-tools-for-stm32.7-2018-q2-update.win32_1.4.0.202007081208/tools/bin/../lib/gcc/arm-none-eabi/7.3.1/../../../../arm-none-eabi/lib/thumb/v7e-m/fpv4-sp/hard\libc_nano.a(lib_a-exit.o) (_global_impure_ptr)
c:/st/stm32cubeide_1.4.0/stm32cubeide/plugins/com.st.stm32cube.ide.mcu.externaltools.gnu-tools-for-stm32.7-2018-q2-update.win32_1.4.0.202007081208/tools/bin/../lib/gcc/arm-none-eabi/7.3.1/../../../../arm-none-eabi/lib/thumb/v7e-m/fpv4-sp/hard\libc_nano.a(lib_a-init.o)
                              c:/st/stm32cubeide_1.4.0/stm32cubeide/plugins/com.st.stm32cube.ide.mcu.externaltools.gnu-tools-for-stm32.7-2018-q2-update.win32_1.4.0.202007081208/tools/bin/../lib/gcc/arm-none-eabi/7.3.1/../../../../arm-none-eabi/lib/thumb/v7e-m/fpv4-sp/hard/crt0.o (__libc_init_array)
c:/st/stm32cubeide_1.4.0/stm32cubeide/plugins/com.st.stm32cube.ide.mcu.externaltools.gnu-tools-for-stm32.7-2018-q2-update.win32_1.4.0.202007081208/tools/bin/../lib/gcc/arm-none-eabi/7.3.1/../../../../arm-none-eabi/lib/thumb/v7e-m/fpv4-sp/hard\libc_nano.a(lib_a-memset.o)
                              c:/st/stm32cubeide_1.4.0/stm32cubeide/plugins/com.st.stm32cube.ide.mcu.externaltools.gnu-tools-for-stm32.7-2018-q2-update.win32_1.4.0.202007081208/tools/bin/../lib/gcc/arm-none-eabi/7.3.1/../../../../arm-none-eabi/lib/thumb/v7e-m/fpv4-sp/hard/crt0.o (memset)
c:/st/stm32cubeide_1.4.0/stm32cubeide/plugins/com.st.stm32cube.ide.mcu.externaltools.gnu-tools-for-stm32.7-2018-q2-update.win32_1.4.0.202007081208/tools/bin/../lib/gcc/arm-none-eabi/7.3.1/thumb/v7e-m/fpv4-sp/hard\libgcc.a(_aeabi_uldivmod.o)
                              Drivers/STM32F4xx_HAL_Driver/Src/stm32f4xx_hal_rcc.o (__aeabi_uldivmod)
c:/st/stm32cubeide_1.4.0/stm32cubeide/plugins/com.st.stm32cube.ide.mcu.externaltools.gnu-tools-for-stm32.7-2018-q2-update.win32_1.4.0.202007081208/tools/bin/../lib/gcc/arm-none-eabi/7.3.1/thumb/v7e-m/fpv4-sp/hard\libgcc.a(_udivmoddi4.o)
                              c:/st/stm32cubeide_1.4.0/stm32cubeide/plugins/com.st.stm32cube.ide.mcu.externaltools.gnu-tools-for-stm32.7-2018-q2-update.win32_1.4.0.202007081208/tools/bin/../lib/gcc/arm-none-eabi/7.3.1/thumb/v7e-m/fpv4-sp/hard\libgcc.a(_aeabi_uldivmod.o) (__udivmoddi4)
c:/st/stm32cubeide_1.4.0/stm32cubeide/plugins/com.st.stm32cube.ide.mcu.externaltools.gnu-tools-for-stm32.7-2018-q2-update.win32_1.4.0.202007081208/tools/bin/../lib/gcc/arm-none-eabi/7.3.1/thumb/v7e-m/fpv4-sp/hard\libgcc.a(_dvmd_tls.o)
                              c:/st/stm32cubeide_1.4.0/stm32cubeide/plugins/com.st.stm32cube.ide.mcu.externaltools.gnu-tools-for-stm32.7-2018-q2-update.win32_1.4.0.202007081208/tools/bin/../lib/gcc/arm-none-eabi/7.3.1/thumb/v7e-m/fpv4-sp/hard\libgcc.a(_aeabi_uldivmod.o) (__aeabi_ldiv0)

Allocating common symbols
Common symbol       size              file

USERPath            0x4               FATFS/App/fatfs.o
hspi2               0x58              Core/Src/main.o
hadc2               0x48              Core/Src/main.o
hi2c1               0x54              Core/Src/main.o
spiTimerTickStart   0x4               Core/Src/user_diskio_spi.o
uwTick              0x4               Drivers/STM32F4xx_HAL_Driver/Src/stm32f4xx_hal.o
pFlash              0x20              Drivers/STM32F4xx_HAL_Driver/Src/stm32f4xx_hal_flash.o
callback_state      0x4               Core/Src/main.o
hadc1               0x48              Core/Src/main.o
mic_diff            0x1000            Core/Src/main.o
spiTimerTickDelay   0x4               Core/Src/user_diskio_spi.o
hdma_adc1           0x60              Core/Src/main.o
retUSER             0x1               FATFS/App/fatfs.o
mic_sum             0x1000            Core/Src/main.o
[...]
Memory Configuration

Name             Origin             Length             Attributes
CCMRAM           0x0000000010000000 0x0000000000010000 xrw
RAM              0x0000000020000000 0x0000000000020000 xrw
FLASH            0x0000000008000000 0x0000000000100000 xr
*default*        0x0000000000000000 0xffffffffffffffff

Linker script and memory map

LOAD c:/st/stm32cubeide_1.4.0/stm32cubeide/plugins/com.st.stm32cube.ide.mcu.externaltools.gnu-tools-for-stm32.7-2018-q2-update.win32_1.4.0.202007081208/tools/bin/../lib/gcc/arm-none-eabi/7.3.1/thumb/v7e-m/fpv4-sp/hard/crti.o
LOAD c:/st/stm32cubeide_1.4.0/stm32cubeide/plugins/com.st.stm32cube.ide.mcu.externaltools.gnu-tools-for-stm32.7-2018-q2-update.win32_1.4.0.202007081208/tools/bin/../lib/gcc/arm-none-eabi/7.3.1/thumb/v7e-m/fpv4-sp/hard/crtbegin.o
LOAD c:/st/stm32cubeide_1.4.0/stm32cubeide/plugins/com.st.stm32cube.ide.mcu.externaltools.gnu-tools-for-stm32.7-2018-q2-update.win32_1.4.0.202007081208/tools/bin/../lib/gcc/arm-none-eabi/7.3.1/../../../../arm-none-eabi/lib/thumb/v7e-m/fpv4-sp/hard/crt0.o
LOAD Core/Src/dataout.o
LOAD Core/Src/main.o
LOAD Core/Src/nlms_filter.o
LOAD Core/Src/stm32f4xx_hal_msp.o
LOAD Core/Src/stm32f4xx_it.o
LOAD Core/Src/syscalls.o
LOAD Core/Src/sysmem.o
LOAD Core/Src/system_stm32f4xx.o
LOAD Core/Src/user_diskio_spi.o
LOAD Core/Startup/startup_stm32f407vgtx.o
LOAD Drivers/STM32F4xx_HAL_Driver/Src/stm32f4xx_hal.o
LOAD Drivers/STM32F4xx_HAL_Driver/Src/stm32f4xx_hal_adc.o
LOAD Drivers/STM32F4xx_HAL_Driver/Src/stm32f4xx_hal_adc_ex.o
LOAD Drivers/STM32F4xx_HAL_Driver/Src/stm32f4xx_hal_cortex.o
LOAD Drivers/STM32F4xx_HAL_Driver/Src/stm32f4xx_hal_dma.o
LOAD Drivers/STM32F4xx_HAL_Driver/Src/stm32f4xx_hal_dma_ex.o
LOAD Drivers/STM32F4xx_HAL_Driver/Src/stm32f4xx_hal_exti.o
LOAD Drivers/STM32F4xx_HAL_Driver/Src/stm32f4xx_hal_flash.o
LOAD Drivers/STM32F4xx_HAL_Driver/Src/stm32f4xx_hal_flash_ex.o
LOAD Drivers/STM32F4xx_HAL_Driver/Src/stm32f4xx_hal_flash_ramfunc.o
LOAD Drivers/STM32F4xx_HAL_Driver/Src/stm32f4xx_hal_gpio.o
LOAD Drivers/STM32F4xx_HAL_Driver/Src/stm32f4xx_hal_i2c.o
LOAD Drivers/STM32F4xx_HAL_Driver/Src/stm32f4xx_hal_i2c_ex.o
LOAD Drivers/STM32F4xx_HAL_Driver/Src/stm32f4xx_hal_pwr.o
LOAD Drivers/STM32F4xx_HAL_Driver/Src/stm32f4xx_hal_pwr_ex.o
LOAD Drivers/STM32F4xx_HAL_Driver/Src/stm32f4xx_hal_rcc.o
LOAD Drivers/STM32F4xx_HAL_Driver/Src/stm32f4xx_hal_rcc_ex.o
LOAD Drivers/STM32F4xx_HAL_Driver/Src/stm32f4xx_hal_spi.o
LOAD Drivers/STM32F4xx_HAL_Driver/Src/stm32f4xx_hal_tim.o
LOAD Drivers/STM32F4xx_HAL_Driver/Src/stm32f4xx_hal_tim_ex.o
LOAD FATFS/App/fatfs.o
LOAD FATFS/Target/user_diskio.o
LOAD Middlewares/Third_Party/FatFs/src/diskio.o
LOAD Middlewares/Third_Party/FatFs/src/ff.o
LOAD Middlewares/Third_Party/FatFs/src/ff_gen_drv.o
LOAD Middlewares/Third_Party/FatFs/src/option/syscall.o
LOAD ../libs\libarm_cortexM4lf_math.a
START GROUP
LOAD c:/st/stm32cubeide_1.4.0/stm32cubeide/plugins/com.st.stm32cube.ide.mcu.externaltools.gnu-tools-for-stm32.7-2018-q2-update.win32_1.4.0.202007081208/tools/bin/../lib/gcc/arm-none-eabi/7.3.1/../../../../arm-none-eabi/lib/thumb/v7e-m/fpv4-sp/hard\libc_nano.a
LOAD c:/st/stm32cubeide_1.4.0/stm32cubeide/plugins/com.st.stm32cube.ide.mcu.externaltools.gnu-tools-for-stm32.7-2018-q2-update.win32_1.4.0.202007081208/tools/bin/../lib/gcc/arm-none-eabi/7.3.1/../../../../arm-none-eabi/lib/thumb/v7e-m/fpv4-sp/hard\libm.a
END GROUP
START GROUP
LOAD c:/st/stm32cubeide_1.4.0/stm32cubeide/plugins/com.st.stm32cube.ide.mcu.externaltools.gnu-tools-for-stm32.7-2018-q2-update.win32_1.4.0.202007081208/tools/bin/../lib/gcc/arm-none-eabi/7.3.1/thumb/v7e-m/fpv4-sp/hard\libgcc.a
LOAD c:/st/stm32cubeide_1.4.0/stm32cubeide/plugins/com.st.stm32cube.ide.mcu.externaltools.gnu-tools-for-stm32.7-2018-q2-update.win32_1.4.0.202007081208/tools/bin/../lib/gcc/arm-none-eabi/7.3.1/../../../../arm-none-eabi/lib/thumb/v7e-m/fpv4-sp/hard\libc_nano.a
END GROUP
START GROUP
LOAD c:/st/stm32cubeide_1.4.0/stm32cubeide/plugins/com.st.stm32cube.ide.mcu.externaltools.gnu-tools-for-stm32.7-2018-q2-update.win32_1.4.0.202007081208/tools/bin/../lib/gcc/arm-none-eabi/7.3.1/thumb/v7e-m/fpv4-sp/hard\libgcc.a
LOAD c:/st/stm32cubeide_1.4.0/stm32cubeide/plugins/com.st.stm32cube.ide.mcu.externaltools.gnu-tools-for-stm32.7-2018-q2-update.win32_1.4.0.202007081208/tools/bin/../lib/gcc/arm-none-eabi/7.3.1/../../../../arm-none-eabi/lib/thumb/v7e-m/fpv4-sp/hard\libc_nano.a
LOAD c:/st/stm32cubeide_1.4.0/stm32cubeide/plugins/com.st.stm32cube.ide.mcu.externaltools.gnu-tools-for-stm32.7-2018-q2-update.win32_1.4.0.202007081208/tools/bin/../lib/gcc/arm-none-eabi/7.3.1/../../../../arm-none-eabi/lib/thumb/v7e-m/fpv4-sp/hard\libnosys.a
END GROUP
START GROUP
LOAD c:/st/stm32cubeide_1.4.0/stm32cubeide/plugins/com.st.stm32cube.ide.mcu.externaltools.gnu-tools-for-stm32.7-2018-q2-update.win32_1.4.0.202007081208/tools/bin/../lib/gcc/arm-none-eabi/7.3.1/thumb/v7e-m/fpv4-sp/hard\libgcc.a
LOAD c:/st/stm32cubeide_1.4.0/stm32cubeide/plugins/com.st.stm32cube.ide.mcu.externaltools.gnu-tools-for-stm32.7-2018-q2-update.win32_1.4.0.202007081208/tools/bin/../lib/gcc/arm-none-eabi/7.3.1/../../../../arm-none-eabi/lib/thumb/v7e-m/fpv4-sp/hard\libc_nano.a
LOAD c:/st/stm32cubeide_1.4.0/stm32cubeide/plugins/com.st.stm32cube.ide.mcu.externaltools.gnu-tools-for-stm32.7-2018-q2-update.win32_1.4.0.202007081208/tools/bin/../lib/gcc/arm-none-eabi/7.3.1/../../../../arm-none-eabi/lib/thumb/v7e-m/fpv4-sp/hard\libnosys.a
END GROUP
LOAD c:/st/stm32cubeide_1.4.0/stm32cubeide/plugins/com.st.stm32cube.ide.mcu.externaltools.gnu-tools-for-stm32.7-2018-q2-update.win32_1.4.0.202007081208/tools/bin/../lib/gcc/arm-none-eabi/7.3.1/thumb/v7e-m/fpv4-sp/hard/crtend.o
LOAD c:/st/stm32cubeide_1.4.0/stm32cubeide/plugins/com.st.stm32cube.ide.mcu.externaltools.gnu-tools-for-stm32.7-2018-q2-update.win32_1.4.0.202007081208/tools/bin/../lib/gcc/arm-none-eabi/7.3.1/thumb/v7e-m/fpv4-sp/hard/crtn.o
                0x0000000020020000                _estack = (ORIGIN (RAM) + LENGTH (RAM))
                0x0000000000000200                _Min_Heap_Size = 0x200
                0x0000000000000400                _Min_Stack_Size = 0x400

.isr_vector     0x0000000008000000      0x188
                0x0000000008000000                . = ALIGN (0x4)
 *(.isr_vector)
 .isr_vector    0x0000000008000000      0x188 Core/Startup/startup_stm32f407vgtx.o
                0x0000000008000000                g_pfnVectors
                0x0000000008000188                . = ALIGN (0x4)

.text           0x0000000008000188     0x3fd4
                0x0000000008000188                . = ALIGN (0x4)
 *(.text)
 .text          0x0000000008000188       0x40 c:/st/stm32cubeide_1.4.0/stm32cubeide/plugins/com.st.stm32cube.ide.mcu.externaltools.gnu-tools-for-stm32.7-2018-q2-update.win32_1.4.0.202007081208/tools/bin/../lib/gcc/arm-none-eabi/7.3.1/thumb/v7e-m/fpv4-sp/hard/crtbegin.o
 .text          0x00000000080001c8       0x30 c:/st/stm32cubeide_1.4.0/stm32cubeide/plugins/com.st.stm32cube.ide.mcu.externaltools.gnu-tools-for-stm32.7-2018-q2-update.win32_1.4.0.202007081208/tools/bin/../lib/gcc/arm-none-eabi/7.3.1/thumb/v7e-m/fpv4-sp/hard\libgcc.a(_aeabi_uldivmod.o)
                0x00000000080001c8                __aeabi_uldivmod
 .text          0x00000000080001f8      0x2cc c:/st/stm32cubeide_1.4.0/stm32cubeide/plugins/com.st.stm32cube.ide.mcu.externaltools.gnu-tools-for-stm32.7-2018-q2-update.win32_1.4.0.202007081208/tools/bin/../lib/gcc/arm-none-eabi/7.3.1/thumb/v7e-m/fpv4-sp/hard\libgcc.a(_udivmoddi4.o)
                0x00000000080001f8                __udivmoddi4
 .text          0x00000000080004c4        0x4 c:/st/stm32cubeide_1.4.0/stm32cubeide/plugins/com.st.stm32cube.ide.mcu.externaltools.gnu-tools-for-stm32.7-2018-q2-update.win32_1.4.0.202007081208/tools/bin/../lib/gcc/arm-none-eabi/7.3.1/thumb/v7e-m/fpv4-sp/hard\libgcc.a(_dvmd_tls.o)
                0x00000000080004c4                __aeabi_idiv0
                0x00000000080004c4                __aeabi_ldiv0
 *(.text*)
 .text.main     0x00000000080004c8       0xc0 Core/Src/main.o
                0x00000000080004c8                main
 .text.SystemClock_Config
                0x0000000008000588       0xd0 Core/Src/main.o
                0x0000000008000588                SystemClock_Config
 .text.MX_ADC1_Init
                0x0000000008000658       0xd4 Core/Src/main.o
 .text.MX_ADC2_Init
                0x000000000800072c       0x94 Core/Src/main.o
 .text.MX_I2C1_Init
                0x00000000080007c0       0x5c Core/Src/main.o
 .text.MX_SPI2_Init
                0x000000000800081c       0x6c Core/Src/main.o
 .text.MX_TIM2_Init
                0x0000000008000888      0x13c Core/Src/main.o
 .text.MX_DMA_Init
                0x00000000080009c4       0x40 Core/Src/main.o
 .text.MX_GPIO_Init
                0x0000000008000a04      0x230 Core/Src/main.o
 .text.HAL_ADC_ConvHalfCpltCallback
                0x0000000008000c34       0x50 Core/Src/main.o
                0x0000000008000c34                HAL_ADC_ConvHalfCpltCallback
 .text.HAL_ADC_ConvCpltCallback
                0x0000000008000c84       0x48 Core/Src/main.o
                0x0000000008000c84                HAL_ADC_ConvCpltCallback
 .text.Error_Handler
                0x0000000008000ccc        0xe Core/Src/main.o
                0x0000000008000ccc                Error_Handler
 .text.audio_splitter
                0x0000000008000cda       0xce Core/Src/nlms_filter.o
                0x0000000008000cda                audio_splitter
 .text.HAL_MspInit
                0x0000000008000da8       0x50 Core/Src/stm32f4xx_hal_msp.o
                0x0000000008000da8                HAL_MspInit
 .text.HAL_ADC_MspInit
                0x0000000008000df8      0x150 Core/Src/stm32f4xx_hal_msp.o
                0x0000000008000df8                HAL_ADC_MspInit
 .text.HAL_I2C_MspInit
                0x0000000008000f48       0x90 Core/Src/stm32f4xx_hal_msp.o
                0x0000000008000f48                HAL_I2C_MspInit
 .text.HAL_SPI_MspInit
                0x0000000008000fd8       0xd0 Core/Src/stm32f4xx_hal_msp.o
                0x0000000008000fd8                HAL_SPI_MspInit
 .text.HAL_TIM_Base_MspInit
                0x00000000080010a8       0x40 Core/Src/stm32f4xx_hal_msp.o
                0x00000000080010a8                HAL_TIM_Base_MspInit
 .text.HAL_TIM_MspPostInit
                0x00000000080010e8       0x70 Core/Src/stm32f4xx_hal_msp.o
                0x00000000080010e8                HAL_TIM_MspPostInit
 .text.NMI_Handler
                0x0000000008001158        0xe Core/Src/stm32f4xx_it.o
                0x0000000008001158                NMI_Handler
 .text.HardFault_Handler
                0x0000000008001166        0x6 Core/Src/stm32f4xx_it.o
                0x0000000008001166                HardFault_Handler
 .text.MemManage_Handler
                0x000000000800116c        0x6 Core/Src/stm32f4xx_it.o
                0x000000000800116c                MemManage_Handler
 .text.BusFault_Handler
                0x0000000008001172        0x6 Core/Src/stm32f4xx_it.o
                0x0000000008001172                BusFault_Handler
 .text.UsageFault_Handler
                0x0000000008001178        0x6 Core/Src/stm32f4xx_it.o
                0x0000000008001178                UsageFault_Handler
 .text.SVC_Handler
                0x000000000800117e        0xe Core/Src/stm32f4xx_it.o
                0x000000000800117e                SVC_Handler
 .text.DebugMon_Handler
                0x000000000800118c        0xe Core/Src/stm32f4xx_it.o
                0x000000000800118c                DebugMon_Handler
 .text.PendSV_Handler
                0x000000000800119a        0xe Core/Src/stm32f4xx_it.o
                0x000000000800119a                PendSV_Handler
 .text.SysTick_Handler
                0x00000000080011a8        0xc Core/Src/stm32f4xx_it.o
                0x00000000080011a8                SysTick_Handler
 .text.DMA2_Stream0_IRQHandler
                0x00000000080011b4       0x14 Core/Src/stm32f4xx_it.o
                0x00000000080011b4                DMA2_Stream0_IRQHandler
 .text.SystemInit
                0x00000000080011c8       0x2c Core/Src/system_stm32f4xx.o
                0x00000000080011c8                SystemInit
 .text.Reset_Handler
                0x00000000080011f4       0x50 Core/Startup/startup_stm32f407vgtx.o
                0x00000000080011f4                Reset_Handler
 .text.Default_Handler
                0x0000000008001244        0x2 Core/Startup/startup_stm32f407vgtx.o
                0x0000000008001244                RTC_Alarm_IRQHandler
                0x0000000008001244                HASH_RNG_IRQHandler
                0x0000000008001244                EXTI2_IRQHandler
                0x0000000008001244                TIM8_CC_IRQHandler
                0x0000000008001244                TIM1_CC_IRQHandler
                0x0000000008001244                DMA2_Stream5_IRQHandler
                0x0000000008001244                DMA1_Stream5_IRQHandler
                0x0000000008001244                PVD_IRQHandler
                0x0000000008001244                SDIO_IRQHandler
                0x0000000008001244                TAMP_STAMP_IRQHandler
                0x0000000008001244                CAN2_RX1_IRQHandler
                0x0000000008001244                EXTI3_IRQHandler
                0x0000000008001244                TIM8_TRG_COM_TIM14_IRQHandler
                0x0000000008001244                TIM1_UP_TIM10_IRQHandler
                0x0000000008001244                TIM8_UP_TIM13_IRQHandler
                0x0000000008001244                I2C3_ER_IRQHandler
                0x0000000008001244                EXTI0_IRQHandler
                0x0000000008001244                I2C2_EV_IRQHandler
                0x0000000008001244                DMA1_Stream2_IRQHandler
                0x0000000008001244                CAN1_RX0_IRQHandler
                0x0000000008001244                FPU_IRQHandler
                0x0000000008001244                OTG_HS_WKUP_IRQHandler
                0x0000000008001244                CAN2_SCE_IRQHandler
                0x0000000008001244                DMA2_Stream2_IRQHandler
                0x0000000008001244                SPI1_IRQHandler
                0x0000000008001244                TIM6_DAC_IRQHandler
                0x0000000008001244                TIM1_BRK_TIM9_IRQHandler
                0x0000000008001244                DCMI_IRQHandler
                0x0000000008001244                CAN2_RX0_IRQHandler
                0x0000000008001244                DMA2_Stream3_IRQHandler
                0x0000000008001244                USART6_IRQHandler
                0x0000000008001244                USART3_IRQHandler
                0x0000000008001244                CAN1_RX1_IRQHandler
                0x0000000008001244                UART5_IRQHandler
                0x0000000008001244                TIM4_IRQHandler
                0x0000000008001244                I2C1_EV_IRQHandler
                0x0000000008001244                DMA1_Stream6_IRQHandler
                0x0000000008001244                DMA1_Stream1_IRQHandler
                0x0000000008001244                UART4_IRQHandler
                0x0000000008001244                TIM3_IRQHandler
                0x0000000008001244                RCC_IRQHandler
                0x0000000008001244                TIM8_BRK_TIM12_IRQHandler
                0x0000000008001244                Default_Handler
                0x0000000008001244                EXTI15_10_IRQHandler
                0x0000000008001244                ADC_IRQHandler
                0x0000000008001244                DMA1_Stream7_IRQHandler
                0x0000000008001244                TIM7_IRQHandler
                0x0000000008001244                CAN2_TX_IRQHandler
                0x0000000008001244                TIM5_IRQHandler
                0x0000000008001244                DMA2_Stream7_IRQHandler
                0x0000000008001244                I2C3_EV_IRQHandler
                0x0000000008001244                EXTI9_5_IRQHandler
                0x0000000008001244                RTC_WKUP_IRQHandler
                0x0000000008001244                ETH_WKUP_IRQHandler
                0x0000000008001244                SPI2_IRQHandler
                0x0000000008001244                OTG_HS_EP1_IN_IRQHandler
                0x0000000008001244                DMA1_Stream0_IRQHandler
                0x0000000008001244                CAN1_TX_IRQHandler
                0x0000000008001244                EXTI4_IRQHandler
                0x0000000008001244                FSMC_IRQHandler
                0x0000000008001244                ETH_IRQHandler
                0x0000000008001244                OTG_HS_EP1_OUT_IRQHandler
                0x0000000008001244                WWDG_IRQHandler
                0x0000000008001244                TIM2_IRQHandler
                0x0000000008001244                OTG_FS_WKUP_IRQHandler
                0x0000000008001244                TIM1_TRG_COM_TIM11_IRQHandler
                0x0000000008001244                OTG_HS_IRQHandler
                0x0000000008001244                EXTI1_IRQHandler
                0x0000000008001244                USART2_IRQHandler
                0x0000000008001244                I2C2_ER_IRQHandler
                0x0000000008001244                DMA2_Stream1_IRQHandler
                0x0000000008001244                CAN1_SCE_IRQHandler
                0x0000000008001244                FLASH_IRQHandler
                0x0000000008001244                DMA2_Stream4_IRQHandler
                0x0000000008001244                USART1_IRQHandler
                0x0000000008001244                OTG_FS_IRQHandler
                0x0000000008001244                SPI3_IRQHandler
                0x0000000008001244                DMA1_Stream4_IRQHandler
                0x0000000008001244                I2C1_ER_IRQHandler
                0x0000000008001244                DMA2_Stream6_IRQHandler
                0x0000000008001244                DMA1_Stream3_IRQHandler
 *fill*         0x0000000008001246        0x2 
 .text.HAL_Init
                0x0000000008001248       0x44 Drivers/STM32F4xx_HAL_Driver/Src/stm32f4xx_hal.o
                0x0000000008001248                HAL_Init
 .text.HAL_InitTick
                0x000000000800128c       0x60 Drivers/STM32F4xx_HAL_Driver/Src/stm32f4xx_hal.o
                0x000000000800128c                HAL_InitTick
 .text.HAL_IncTick
                0x00000000080012ec       0x28 Drivers/STM32F4xx_HAL_Driver/Src/stm32f4xx_hal.o
                0x00000000080012ec                HAL_IncTick
 .text.HAL_GetTick
                0x0000000008001314       0x18 Drivers/STM32F4xx_HAL_Driver/Src/stm32f4xx_hal.o
                0x0000000008001314                HAL_GetTick
 .text.HAL_ADC_Init
                0x000000000800132c       0x86 Drivers/STM32F4xx_HAL_Driver/Src/stm32f4xx_hal_adc.o
                0x000000000800132c                HAL_ADC_Init
 *fill*         0x00000000080013b2        0x2 
 .text.HAL_ADC_Start
                0x00000000080013b4      0x18c Drivers/STM32F4xx_HAL_Driver/Src/stm32f4xx_hal_adc.o
                0x00000000080013b4                HAL_ADC_Start
 .text.HAL_ADC_ErrorCallback
                0x0000000008001540       0x14 Drivers/STM32F4xx_HAL_Driver/Src/stm32f4xx_hal_adc.o
                0x0000000008001540                HAL_ADC_ErrorCallback
 .text.HAL_ADC_ConfigChannel
                0x0000000008001554      0x244 Drivers/STM32F4xx_HAL_Driver/Src/stm32f4xx_hal_adc.o
                0x0000000008001554                HAL_ADC_ConfigChannel
 .text.ADC_Init
                0x0000000008001798      0x1f8 Drivers/STM32F4xx_HAL_Driver/Src/stm32f4xx_hal_adc.o
 .text.HAL_ADCEx_MultiModeStart_DMA
                0x0000000008001990      0x17c Drivers/STM32F4xx_HAL_Driver/Src/stm32f4xx_hal_adc_ex.o
                0x0000000008001990                HAL_ADCEx_MultiModeStart_DMA
 .text.HAL_ADCEx_MultiModeConfigChannel
                0x0000000008001b0c       0x8c Drivers/STM32F4xx_HAL_Driver/Src/stm32f4xx_hal_adc_ex.o
                0x0000000008001b0c                HAL_ADCEx_MultiModeConfigChannel
 .text.ADC_MultiModeDMAConvCplt
                0x0000000008001b98       0xa6 Drivers/STM32F4xx_HAL_Driver/Src/stm32f4xx_hal_adc_ex.o
 .text.ADC_MultiModeDMAHalfConvCplt
                0x0000000008001c3e       0x1c Drivers/STM32F4xx_HAL_Driver/Src/stm32f4xx_hal_adc_ex.o
 .text.ADC_MultiModeDMAError
                0x0000000008001c5a       0x2e Drivers/STM32F4xx_HAL_Driver/Src/stm32f4xx_hal_adc_ex.o
 .text.__NVIC_SetPriorityGrouping
                0x0000000008001c88       0x48 Drivers/STM32F4xx_HAL_Driver/Src/stm32f4xx_hal_cortex.o
 .text.__NVIC_GetPriorityGrouping
                0x0000000008001cd0       0x1c Drivers/STM32F4xx_HAL_Driver/Src/stm32f4xx_hal_cortex.o
 .text.__NVIC_EnableIRQ
                0x0000000008001cec       0x3c Drivers/STM32F4xx_HAL_Driver/Src/stm32f4xx_hal_cortex.o
 .text.__NVIC_SetPriority
                0x0000000008001d28       0x54 Drivers/STM32F4xx_HAL_Driver/Src/stm32f4xx_hal_cortex.o
 .text.NVIC_EncodePriority
                0x0000000008001d7c       0x66 Drivers/STM32F4xx_HAL_Driver/Src/stm32f4xx_hal_cortex.o
 *fill*         0x0000000008001de2        0x2 
 .text.SysTick_Config
                0x0000000008001de4       0x44 Drivers/STM32F4xx_HAL_Driver/Src/stm32f4xx_hal_cortex.o
 .text.HAL_NVIC_SetPriorityGrouping
                0x0000000008001e28       0x16 Drivers/STM32F4xx_HAL_Driver/Src/stm32f4xx_hal_cortex.o
                0x0000000008001e28                HAL_NVIC_SetPriorityGrouping
 .text.HAL_NVIC_SetPriority
                0x0000000008001e3e       0x38 Drivers/STM32F4xx_HAL_Driver/Src/stm32f4xx_hal_cortex.o
                0x0000000008001e3e                HAL_NVIC_SetPriority
 .text.HAL_NVIC_EnableIRQ
                0x0000000008001e76       0x1c Drivers/STM32F4xx_HAL_Driver/Src/stm32f4xx_hal_cortex.o
                0x0000000008001e76                HAL_NVIC_EnableIRQ
 .text.HAL_SYSTICK_Config
                0x0000000008001e92       0x18 Drivers/STM32F4xx_HAL_Driver/Src/stm32f4xx_hal_cortex.o
                0x0000000008001e92                HAL_SYSTICK_Config
 *fill*         0x0000000008001eaa        0x2 
 .text.HAL_DMA_Init
                0x0000000008001eac      0x15c Drivers/STM32F4xx_HAL_Driver/Src/stm32f4xx_hal_dma.o
                0x0000000008001eac                HAL_DMA_Init
 .text.HAL_DMA_Start_IT
                0x0000000008002008       0xb0 Drivers/STM32F4xx_HAL_Driver/Src/stm32f4xx_hal_dma.o
                0x0000000008002008                HAL_DMA_Start_IT
 .text.HAL_DMA_IRQHandler
                0x00000000080020b8      0x314 Drivers/STM32F4xx_HAL_Driver/Src/stm32f4xx_hal_dma.o
                0x00000000080020b8                HAL_DMA_IRQHandler
 .text.DMA_SetConfig
                0x00000000080023cc       0x5c Drivers/STM32F4xx_HAL_Driver/Src/stm32f4xx_hal_dma.o
 .text.DMA_CalcBaseAndBitshift
                0x0000000008002428       0x6c Drivers/STM32F4xx_HAL_Driver/Src/stm32f4xx_hal_dma.o
 .text.DMA_CheckFifoParam
                0x0000000008002494       0xf4 Drivers/STM32F4xx_HAL_Driver/Src/stm32f4xx_hal_dma.o
 .text.HAL_GPIO_Init
                0x0000000008002588      0x334 Drivers/STM32F4xx_HAL_Driver/Src/stm32f4xx_hal_gpio.o
                0x0000000008002588                HAL_GPIO_Init
 .text.HAL_GPIO_WritePin
                0x00000000080028bc       0x32 Drivers/STM32F4xx_HAL_Driver/Src/stm32f4xx_hal_gpio.o
                0x00000000080028bc                HAL_GPIO_WritePin
 .text.HAL_GPIO_TogglePin
                0x00000000080028ee       0x36 Drivers/STM32F4xx_HAL_Driver/Src/stm32f4xx_hal_gpio.o
                0x00000000080028ee                HAL_GPIO_TogglePin
 .text.HAL_I2C_Init
                0x0000000008002924      0x270 Drivers/STM32F4xx_HAL_Driver/Src/stm32f4xx_hal_i2c.o
                0x0000000008002924                HAL_I2C_Init
 .text.HAL_RCC_OscConfig
                0x0000000008002b94      0x4e0 Drivers/STM32F4xx_HAL_Driver/Src/stm32f4xx_hal_rcc.o
                0x0000000008002b94                HAL_RCC_OscConfig
 .text.HAL_RCC_ClockConfig
                0x0000000008003074      0x1cc Drivers/STM32F4xx_HAL_Driver/Src/stm32f4xx_hal_rcc.o
                0x0000000008003074                HAL_RCC_ClockConfig
 .text.HAL_RCC_GetSysClockFreq
                0x0000000008003240      0x1b0 Drivers/STM32F4xx_HAL_Driver/Src/stm32f4xx_hal_rcc.o
                0x0000000008003240                HAL_RCC_GetSysClockFreq
 .text.HAL_RCC_GetHCLKFreq
                0x00000000080033f0       0x18 Drivers/STM32F4xx_HAL_Driver/Src/stm32f4xx_hal_rcc.o
                0x00000000080033f0                HAL_RCC_GetHCLKFreq
 .text.HAL_RCC_GetPCLK1Freq
                0x0000000008003408       0x28 Drivers/STM32F4xx_HAL_Driver/Src/stm32f4xx_hal_rcc.o
                0x0000000008003408                HAL_RCC_GetPCLK1Freq
 .text.HAL_RCC_GetClockConfig
                0x0000000008003430       0x64 Drivers/STM32F4xx_HAL_Driver/Src/stm32f4xx_hal_rcc.o
                0x0000000008003430                HAL_RCC_GetClockConfig
 .text.HAL_SPI_Init
                0x0000000008003494       0xc8 Drivers/STM32F4xx_HAL_Driver/Src/stm32f4xx_hal_spi.o
                0x0000000008003494                HAL_SPI_Init
 .text.HAL_TIM_Base_Init
                0x000000000800355c       0x56 Drivers/STM32F4xx_HAL_Driver/Src/stm32f4xx_hal_tim.o
                0x000000000800355c                HAL_TIM_Base_Init
 .text.HAL_TIM_Base_Start
                0x00000000080035b2       0x48 Drivers/STM32F4xx_HAL_Driver/Src/stm32f4xx_hal_tim.o
                0x00000000080035b2                HAL_TIM_Base_Start
 .text.HAL_TIM_OC_Init
                0x00000000080035fa       0x56 Drivers/STM32F4xx_HAL_Driver/Src/stm32f4xx_hal_tim.o
                0x00000000080035fa                HAL_TIM_OC_Init
 .text.HAL_TIM_OC_MspInit
                0x0000000008003650       0x14 Drivers/STM32F4xx_HAL_Driver/Src/stm32f4xx_hal_tim.o
                0x0000000008003650                HAL_TIM_OC_MspInit
 .text.HAL_TIM_OC_ConfigChannel
                0x0000000008003664       0xc0 Drivers/STM32F4xx_HAL_Driver/Src/stm32f4xx_hal_tim.o
                0x0000000008003664                HAL_TIM_OC_ConfigChannel
 .text.HAL_TIM_ConfigClockSource
                0x0000000008003724      0x16e Drivers/STM32F4xx_HAL_Driver/Src/stm32f4xx_hal_tim.o
                0x0000000008003724                HAL_TIM_ConfigClockSource
 *fill*         0x0000000008003892        0x2 
 .text.TIM_Base_SetConfig
                0x0000000008003894      0x140 Drivers/STM32F4xx_HAL_Driver/Src/stm32f4xx_hal_tim.o
                0x0000000008003894                TIM_Base_SetConfig
 .text.TIM_OC1_SetConfig
                0x00000000080039d4       0xe0 Drivers/STM32F4xx_HAL_Driver/Src/stm32f4xx_hal_tim.o
 .text.TIM_OC2_SetConfig
                0x0000000008003ab4       0xec Drivers/STM32F4xx_HAL_Driver/Src/stm32f4xx_hal_tim.o
                0x0000000008003ab4                TIM_OC2_SetConfig
 .text.TIM_OC3_SetConfig
                0x0000000008003ba0       0xe8 Drivers/STM32F4xx_HAL_Driver/Src/stm32f4xx_hal_tim.o
 .text.TIM_OC4_SetConfig
                0x0000000008003c88       0xac Drivers/STM32F4xx_HAL_Driver/Src/stm32f4xx_hal_tim.o
 .text.TIM_TI1_ConfigInputStage
                0x0000000008003d34       0x5e Drivers/STM32F4xx_HAL_Driver/Src/stm32f4xx_hal_tim.o
 .text.TIM_TI2_ConfigInputStage
                0x0000000008003d92       0x60 Drivers/STM32F4xx_HAL_Driver/Src/stm32f4xx_hal_tim.o
 .text.TIM_ITRx_SetConfig
                0x0000000008003df2       0x36 Drivers/STM32F4xx_HAL_Driver/Src/stm32f4xx_hal_tim.o
 .text.TIM_ETR_SetConfig
                0x0000000008003e28       0x40 Drivers/STM32F4xx_HAL_Driver/Src/stm32f4xx_hal_tim.o
                0x0000000008003e28                TIM_ETR_SetConfig
 .text.HAL_TIMEx_MasterConfigSynchronization
                0x0000000008003e68       0xf8 Drivers/STM32F4xx_HAL_Driver/Src/stm32f4xx_hal_tim_ex.o
                0x0000000008003e68                HAL_TIMEx_MasterConfigSynchronization
 .text.MX_FATFS_Init
                0x0000000008003f60       0x24 FATFS/App/fatfs.o
                0x0000000008003f60                MX_FATFS_Init
 .text.USER_initialize
                0x0000000008003f84       0x28 FATFS/Target/user_diskio.o
                0x0000000008003f84                USER_initialize
 .text.USER_status
                0x0000000008003fac       0x28 FATFS/Target/user_diskio.o
                0x0000000008003fac                USER_status
 .text.USER_read
                0x0000000008003fd4       0x1e FATFS/Target/user_diskio.o
                0x0000000008003fd4                USER_read
 .text.USER_write
                0x0000000008003ff2       0x1e FATFS/Target/user_diskio.o
                0x0000000008003ff2                USER_write
 .text.USER_ioctl
                0x0000000008004010       0x22 FATFS/Target/user_diskio.o
                0x0000000008004010                USER_ioctl
 *fill*         0x0000000008004032        0x2 
 .text.FATFS_LinkDriverEx
                0x0000000008004034       0x98 Middlewares/Third_Party/FatFs/src/ff_gen_drv.o
                0x0000000008004034                FATFS_LinkDriverEx
 .text.FATFS_LinkDriver
                0x00000000080040cc       0x1e Middlewares/Third_Party/FatFs/src/ff_gen_drv.o
                0x00000000080040cc                FATFS_LinkDriver
 *fill*         0x00000000080040ea        0x2 
 .text.__libc_init_array
                0x00000000080040ec       0x48 c:/st/stm32cubeide_1.4.0/stm32cubeide/plugins/com.st.stm32cube.ide.mcu.externaltools.gnu-tools-for-stm32.7-2018-q2-update.win32_1.4.0.202007081208/tools/bin/../lib/gcc/arm-none-eabi/7.3.1/../../../../arm-none-eabi/lib/thumb/v7e-m/fpv4-sp/hard\libc_nano.a(lib_a-init.o)
                0x00000000080040ec                __libc_init_array
 .text.memset   0x0000000008004134       0x10 c:/st/stm32cubeide_1.4.0/stm32cubeide/plugins/com.st.stm32cube.ide.mcu.externaltools.gnu-tools-for-stm32.7-2018-q2-update.win32_1.4.0.202007081208/tools/bin/../lib/gcc/arm-none-eabi/7.3.1/../../../../arm-none-eabi/lib/thumb/v7e-m/fpv4-sp/hard\libc_nano.a(lib_a-memset.o)
                0x0000000008004134                memset
 *(.glue_7)
 .glue_7        0x0000000008004144        0x0 linker stubs
 *(.glue_7t)
 .glue_7t       0x0000000008004144        0x0 linker stubs
 *(.eh_frame)
 .eh_frame      0x0000000008004144        0x0 c:/st/stm32cubeide_1.4.0/stm32cubeide/plugins/com.st.stm32cube.ide.mcu.externaltools.gnu-tools-for-stm32.7-2018-q2-update.win32_1.4.0.202007081208/tools/bin/../lib/gcc/arm-none-eabi/7.3.1/thumb/v7e-m/fpv4-sp/hard/crtbegin.o
 *(.init)
 .init          0x0000000008004144        0x4 c:/st/stm32cubeide_1.4.0/stm32cubeide/plugins/com.st.stm32cube.ide.mcu.externaltools.gnu-tools-for-stm32.7-2018-q2-update.win32_1.4.0.202007081208/tools/bin/../lib/gcc/arm-none-eabi/7.3.1/thumb/v7e-m/fpv4-sp/hard/crti.o
                0x0000000008004144                _init
 .init          0x0000000008004148        0x8 c:/st/stm32cubeide_1.4.0/stm32cubeide/plugins/com.st.stm32cube.ide.mcu.externaltools.gnu-tools-for-stm32.7-2018-q2-update.win32_1.4.0.202007081208/tools/bin/../lib/gcc/arm-none-eabi/7.3.1/thumb/v7e-m/fpv4-sp/hard/crtn.o
 *(.fini)
 .fini          0x0000000008004150        0x4 c:/st/stm32cubeide_1.4.0/stm32cubeide/plugins/com.st.stm32cube.ide.mcu.externaltools.gnu-tools-for-stm32.7-2018-q2-update.win32_1.4.0.202007081208/tools/bin/../lib/gcc/arm-none-eabi/7.3.1/thumb/v7e-m/fpv4-sp/hard/crti.o
                0x0000000008004150                _fini
 .fini          0x0000000008004154        0x8 c:/st/stm32cubeide_1.4.0/stm32cubeide/plugins/com.st.stm32cube.ide.mcu.externaltools.gnu-tools-for-stm32.7-2018-q2-update.win32_1.4.0.202007081208/tools/bin/../lib/gcc/arm-none-eabi/7.3.1/thumb/v7e-m/fpv4-sp/hard/crtn.o
                0x000000000800415c                . = ALIGN (0x4)
                0x000000000800415c                _etext = .

.vfp11_veneer   0x000000000800415c        0x0
 .vfp11_veneer  0x000000000800415c        0x0 linker stubs

.v4_bx          0x000000000800415c        0x0
 .v4_bx         0x000000000800415c        0x0 linker stubs

.iplt           0x000000000800415c        0x0
 .iplt          0x000000000800415c        0x0 c:/st/stm32cubeide_1.4.0/stm32cubeide/plugins/com.st.stm32cube.ide.mcu.externaltools.gnu-tools-for-stm32.7-2018-q2-update.win32_1.4.0.202007081208/tools/bin/../lib/gcc/arm-none-eabi/7.3.1/thumb/v7e-m/fpv4-sp/hard/crtbegin.o

.rodata         0x000000000800415c       0x20
                0x000000000800415c                . = ALIGN (0x4)
 *(.rodata)
 *(.rodata*)
 .rodata.AHBPrescTable
                0x000000000800415c       0x10 Core/Src/system_stm32f4xx.o
                0x000000000800415c                AHBPrescTable
 .rodata.APBPrescTable
                0x000000000800416c        0x8 Core/Src/system_stm32f4xx.o
                0x000000000800416c                APBPrescTable
 .rodata.flagBitshiftOffset.8495
                0x0000000008004174        0x8 Drivers/STM32F4xx_HAL_Driver/Src/stm32f4xx_hal_dma.o
                0x000000000800417c                . = ALIGN (0x4)

.ARM.extab      0x000000000800417c        0x0
                0x000000000800417c                . = ALIGN (0x4)
 *(.ARM.extab* .gnu.linkonce.armextab.*)
                0x000000000800417c                . = ALIGN (0x4)

.ARM            0x000000000800417c        0x8
                0x000000000800417c                . = ALIGN (0x4)
                0x000000000800417c                __exidx_start = .
 *(.ARM.exidx*)
 .ARM.exidx     0x000000000800417c        0x8 c:/st/stm32cubeide_1.4.0/stm32cubeide/plugins/com.st.stm32cube.ide.mcu.externaltools.gnu-tools-for-stm32.7-2018-q2-update.win32_1.4.0.202007081208/tools/bin/../lib/gcc/arm-none-eabi/7.3.1/thumb/v7e-m/fpv4-sp/hard\libgcc.a(_udivmoddi4.o)
                0x0000000008004184                __exidx_end = .
                0x0000000008004184                . = ALIGN (0x4)

.rel.dyn        0x0000000008004184        0x0
 .rel.iplt      0x0000000008004184        0x0 c:/st/stm32cubeide_1.4.0/stm32cubeide/plugins/com.st.stm32cube.ide.mcu.externaltools.gnu-tools-for-stm32.7-2018-q2-update.win32_1.4.0.202007081208/tools/bin/../lib/gcc/arm-none-eabi/7.3.1/thumb/v7e-m/fpv4-sp/hard/crtbegin.o

.preinit_array  0x0000000008004184        0x0
                0x0000000008004184                . = ALIGN (0x4)
                0x0000000008004184                PROVIDE (__preinit_array_start = .)
 *(.preinit_array*)
                0x0000000008004184                PROVIDE (__preinit_array_end = .)
                0x0000000008004184                . = ALIGN (0x4)

.init_array     0x0000000008004184        0x4
                0x0000000008004184                . = ALIGN (0x4)
                0x0000000008004184                PROVIDE (__init_array_start = .)
 *(SORT_BY_NAME(.init_array.*))
 *(.init_array*)
 .init_array    0x0000000008004184        0x4 c:/st/stm32cubeide_1.4.0/stm32cubeide/plugins/com.st.stm32cube.ide.mcu.externaltools.gnu-tools-for-stm32.7-2018-q2-update.win32_1.4.0.202007081208/tools/bin/../lib/gcc/arm-none-eabi/7.3.1/thumb/v7e-m/fpv4-sp/hard/crtbegin.o
                0x0000000008004188                PROVIDE (__init_array_end = .)
                0x0000000008004188                . = ALIGN (0x4)

.fini_array     0x0000000008004188        0x4
                0x0000000008004188                . = ALIGN (0x4)
                [!provide]                        PROVIDE (__fini_array_start = .)
 *(SORT_BY_NAME(.fini_array.*))
 *(.fini_array*)
 .fini_array    0x0000000008004188        0x4 c:/st/stm32cubeide_1.4.0/stm32cubeide/plugins/com.st.stm32cube.ide.mcu.externaltools.gnu-tools-for-stm32.7-2018-q2-update.win32_1.4.0.202007081208/tools/bin/../lib/gcc/arm-none-eabi/7.3.1/thumb/v7e-m/fpv4-sp/hard/crtbegin.o
                [!provide]                        PROVIDE (__fini_array_end = .)
                0x000000000800418c                . = ALIGN (0x4)
                0x000000000800418c                _sidata = LOADADDR (.data)

.data           0x0000000020000000       0x20 load address 0x000000000800418c
                0x0000000020000000                . = ALIGN (0x4)
                0x0000000020000000                _sdata = .
 *(.data)
 *(.data*)
 .data.SystemCoreClock
                0x0000000020000000        0x4 Core/Src/system_stm32f4xx.o
                0x0000000020000000                SystemCoreClock
 .data.uwTickPrio
                0x0000000020000004        0x4 Drivers/STM32F4xx_HAL_Driver/Src/stm32f4xx_hal.o
                0x0000000020000004                uwTickPrio
 .data.uwTickFreq
                0x0000000020000008        0x1 Drivers/STM32F4xx_HAL_Driver/Src/stm32f4xx_hal.o
                0x0000000020000008                uwTickFreq
 .data.Stat     0x0000000020000009        0x1 FATFS/Target/user_diskio.o
 *fill*         0x000000002000000a        0x2 
 .data.USER_Driver
                0x000000002000000c       0x14 FATFS/Target/user_diskio.o
                0x000000002000000c                USER_Driver
                0x0000000020000020                . = ALIGN (0x4)
                0x0000000020000020                _edata = .

.igot.plt       0x0000000020000020        0x0 load address 0x00000000080041ac
 .igot.plt      0x0000000020000020        0x0 c:/st/stm32cubeide_1.4.0/stm32cubeide/plugins/com.st.stm32cube.ide.mcu.externaltools.gnu-tools-for-stm32.7-2018-q2-update.win32_1.4.0.202007081208/tools/bin/../lib/gcc/arm-none-eabi/7.3.1/thumb/v7e-m/fpv4-sp/hard/crtbegin.o
                0x0000000020000020                . = ALIGN (0x4)

.bss            0x0000000020000020     0x66e4 load address 0x00000000080041ac
                0x0000000020000020                _sbss = .
                0x0000000020000020                __bss_start__ = _sbss
 *(.bss)
 .bss           0x0000000020000020       0x1c c:/st/stm32cubeide_1.4.0/stm32cubeide/plugins/com.st.stm32cube.ide.mcu.externaltools.gnu-tools-for-stm32.7-2018-q2-update.win32_1.4.0.202007081208/tools/bin/../lib/gcc/arm-none-eabi/7.3.1/thumb/v7e-m/fpv4-sp/hard/crtbegin.o
 *(.bss*)
 .bss.disk      0x000000002000003c        0xc Middlewares/Third_Party/FatFs/src/ff_gen_drv.o
                0x000000002000003c                disk
 *(COMMON)
 COMMON         0x0000000020000048     0x6250 Core/Src/main.o
                0x0000000020000048                hspi2
                0x00000000200000a0                hadc2
                0x00000000200000e8                hi2c1
                0x000000002000013c                callback_state
                0x0000000020000140                hadc1
                0x0000000020000188                mic_diff
                0x0000000020001188                hdma_adc1
                0x00000000200011e8                mic_sum
                0x00000000200021e8                fir_l_state
                0x0000000020003220                adc_buf
                0x0000000020005220                htim2
                0x0000000020005260                fir_r_state
 COMMON         0x0000000020006298        0x4 Drivers/STM32F4xx_HAL_Driver/Src/stm32f4xx_hal.o
                0x0000000020006298                uwTick
 COMMON         0x000000002000629c      0x468 FATFS/App/fatfs.o
                0x000000002000629c                USERPath
                0x00000000200062a0                retUSER
                0x00000000200062a4                USERFile
                0x00000000200064d4                USERFatFS
                0x0000000020006704                . = ALIGN (0x4)
                0x0000000020006704                _ebss = .
                0x0000000020006704                __bss_end__ = _ebss

._user_heap_stack
                0x0000000020006704      0x604 load address 0x00000000080041ac
                0x0000000020006708                . = ALIGN (0x8)
 *fill*         0x0000000020006704        0x4 
                [!provide]                        PROVIDE (end = .)
                0x0000000020006708                PROVIDE (_end = .)
                0x0000000020006908                . = (. + _Min_Heap_Size)
 *fill*         0x0000000020006708      0x200 
                0x0000000020006d08                . = (. + _Min_Stack_Size)
 *fill*         0x0000000020006908      0x400 
                0x0000000020006d08                . = ALIGN (0x8)

/DISCARD/
 libc.a(*)
 libm.a(*)
 libgcc.a(*)

.ARM.attributes
                0x0000000000000000       0x30
 *(.ARM.attributes)
 .ARM.attributes
                0x0000000000000000       0x22 c:/st/stm32cubeide_1.4.0/stm32cubeide/plugins/com.st.stm32cube.ide.mcu.externaltools.gnu-tools-for-stm32.7-2018-q2-update.win32_1.4.0.202007081208/tools/bin/../lib/gcc/arm-none-eabi/7.3.1/thumb/v7e-m/fpv4-sp/hard/crti.o
 .ARM.attributes
                0x0000000000000022       0x34 c:/st/stm32cubeide_1.4.0/stm32cubeide/plugins/com.st.stm32cube.ide.mcu.externaltools.gnu-tools-for-stm32.7-2018-q2-update.win32_1.4.0.202007081208/tools/bin/../lib/gcc/arm-none-eabi/7.3.1/thumb/v7e-m/fpv4-sp/hard/crtbegin.o
 .ARM.attributes
                0x0000000000000056       0x39 Core/Src/main.o
 .ARM.attributes
                0x000000000000008f       0x39 Core/Src/nlms_filter.o
 .ARM.attributes
                0x00000000000000c8       0x39 Core/Src/stm32f4xx_hal_msp.o
 .ARM.attributes
                0x0000000000000101       0x39 Core/Src/stm32f4xx_it.o
 .ARM.attributes
                0x000000000000013a       0x39 Core/Src/system_stm32f4xx.o
 .ARM.attributes
                0x0000000000000173       0x21 Core/Startup/startup_stm32f407vgtx.o
 .ARM.attributes
                0x0000000000000194       0x39 Drivers/STM32F4xx_HAL_Driver/Src/stm32f4xx_hal.o
 .ARM.attributes
                0x00000000000001cd       0x39 Drivers/STM32F4xx_HAL_Driver/Src/stm32f4xx_hal_adc.o
 .ARM.attributes
                0x0000000000000206       0x39 Drivers/STM32F4xx_HAL_Driver/Src/stm32f4xx_hal_adc_ex.o
 .ARM.attributes
                0x000000000000023f       0x39 Drivers/STM32F4xx_HAL_Driver/Src/stm32f4xx_hal_cortex.o
 .ARM.attributes
                0x0000000000000278       0x39 Drivers/STM32F4xx_HAL_Driver/Src/stm32f4xx_hal_dma.o
 .ARM.attributes
                0x00000000000002b1       0x39 Drivers/STM32F4xx_HAL_Driver/Src/stm32f4xx_hal_gpio.o
 .ARM.attributes
                0x00000000000002ea       0x39 Drivers/STM32F4xx_HAL_Driver/Src/stm32f4xx_hal_i2c.o
 .ARM.attributes
                0x0000000000000323       0x39 Drivers/STM32F4xx_HAL_Driver/Src/stm32f4xx_hal_rcc.o
 .ARM.attributes
                0x000000000000035c       0x39 Drivers/STM32F4xx_HAL_Driver/Src/stm32f4xx_hal_spi.o
 .ARM.attributes
                0x0000000000000395       0x39 Drivers/STM32F4xx_HAL_Driver/Src/stm32f4xx_hal_tim.o
 .ARM.attributes
                0x00000000000003ce       0x39 Drivers/STM32F4xx_HAL_Driver/Src/stm32f4xx_hal_tim_ex.o
 .ARM.attributes
                0x0000000000000407       0x39 FATFS/App/fatfs.o
 .ARM.attributes
                0x0000000000000440       0x39 FATFS/Target/user_diskio.o
 .ARM.attributes
                0x0000000000000479       0x39 Middlewares/Third_Party/FatFs/src/ff_gen_drv.o
 .ARM.attributes
                0x00000000000004b2       0x34 c:/st/stm32cubeide_1.4.0/stm32cubeide/plugins/com.st.stm32cube.ide.mcu.externaltools.gnu-tools-for-stm32.7-2018-q2-update.win32_1.4.0.202007081208/tools/bin/../lib/gcc/arm-none-eabi/7.3.1/../../../../arm-none-eabi/lib/thumb/v7e-m/fpv4-sp/hard\libc_nano.a(lib_a-init.o)
 .ARM.attributes
                0x00000000000004e6       0x34 c:/st/stm32cubeide_1.4.0/stm32cubeide/plugins/com.st.stm32cube.ide.mcu.externaltools.gnu-tools-for-stm32.7-2018-q2-update.win32_1.4.0.202007081208/tools/bin/../lib/gcc/arm-none-eabi/7.3.1/../../../../arm-none-eabi/lib/thumb/v7e-m/fpv4-sp/hard\libc_nano.a(lib_a-memset.o)
 .ARM.attributes
                0x000000000000051a       0x22 c:/st/stm32cubeide_1.4.0/stm32cubeide/plugins/com.st.stm32cube.ide.mcu.externaltools.gnu-tools-for-stm32.7-2018-q2-update.win32_1.4.0.202007081208/tools/bin/../lib/gcc/arm-none-eabi/7.3.1/thumb/v7e-m/fpv4-sp/hard\libgcc.a(_aeabi_uldivmod.o)
 .ARM.attributes
                0x000000000000053c       0x34 c:/st/stm32cubeide_1.4.0/stm32cubeide/plugins/com.st.stm32cube.ide.mcu.externaltools.gnu-tools-for-stm32.7-2018-q2-update.win32_1.4.0.202007081208/tools/bin/../lib/gcc/arm-none-eabi/7.3.1/thumb/v7e-m/fpv4-sp/hard\libgcc.a(_udivmoddi4.o)
 .ARM.attributes
                0x0000000000000570       0x22 c:/st/stm32cubeide_1.4.0/stm32cubeide/plugins/com.st.stm32cube.ide.mcu.externaltools.gnu-tools-for-stm32.7-2018-q2-update.win32_1.4.0.202007081208/tools/bin/../lib/gcc/arm-none-eabi/7.3.1/thumb/v7e-m/fpv4-sp/hard\libgcc.a(_dvmd_tls.o)
 .ARM.attributes
                0x0000000000000592       0x22 c:/st/stm32cubeide_1.4.0/stm32cubeide/plugins/com.st.stm32cube.ide.mcu.externaltools.gnu-tools-for-stm32.7-2018-q2-update.win32_1.4.0.202007081208/tools/bin/../lib/gcc/arm-none-eabi/7.3.1/thumb/v7e-m/fpv4-sp/hard/crtn.o
OUTPUT(DMA_Callback_SDcard.elf elf32-littlearm)

.debug_info     0x0000000000000000    0x12480
 .debug_info    0x0000000000000000     0x24b5 Core/Src/main.o
 .debug_info    0x00000000000024b5      0x23b Core/Src/nlms_filter.o
 .debug_info    0x00000000000026f0     0x1339 Core/Src/stm32f4xx_hal_msp.o
 .debug_info    0x0000000000003a29      0x473 Core/Src/stm32f4xx_it.o
 .debug_info    0x0000000000003e9c      0x554 Core/Src/system_stm32f4xx.o
 .debug_info    0x00000000000043f0       0x22 Core/Startup/startup_stm32f407vgtx.o
 .debug_info    0x0000000000004412      0x945 Drivers/STM32F4xx_HAL_Driver/Src/stm32f4xx_hal.o
 .debug_info    0x0000000000004d57      0xcee Drivers/STM32F4xx_HAL_Driver/Src/stm32f4xx_hal_adc.o
 .debug_info    0x0000000000005a45      0xb66 Drivers/STM32F4xx_HAL_Driver/Src/stm32f4xx_hal_adc_ex.o
 .debug_info    0x00000000000065ab      0xe28 Drivers/STM32F4xx_HAL_Driver/Src/stm32f4xx_hal_cortex.o
 .debug_info    0x00000000000073d3      0x968 Drivers/STM32F4xx_HAL_Driver/Src/stm32f4xx_hal_dma.o
 .debug_info    0x0000000000007d3b      0x7b5 Drivers/STM32F4xx_HAL_Driver/Src/stm32f4xx_hal_gpio.o
 .debug_info    0x00000000000084f0     0x2426 Drivers/STM32F4xx_HAL_Driver/Src/stm32f4xx_hal_i2c.o
 .debug_info    0x000000000000a916      0x904 Drivers/STM32F4xx_HAL_Driver/Src/stm32f4xx_hal_rcc.o
 .debug_info    0x000000000000b21a     0x163a Drivers/STM32F4xx_HAL_Driver/Src/stm32f4xx_hal_spi.o
 .debug_info    0x000000000000c854     0x24a9 Drivers/STM32F4xx_HAL_Driver/Src/stm32f4xx_hal_tim.o
 .debug_info    0x000000000000ecfd     0x1157 Drivers/STM32F4xx_HAL_Driver/Src/stm32f4xx_hal_tim_ex.o
 .debug_info    0x000000000000fe54      0xd81 FATFS/App/fatfs.o
 .debug_info    0x0000000000010bd5      0xc37 FATFS/Target/user_diskio.o
 .debug_info    0x000000000001180c      0xc74 Middlewares/Third_Party/FatFs/src/ff_gen_drv.o

.debug_abbrev   0x0000000000000000     0x25d4
 .debug_abbrev  0x0000000000000000      0x2ad Core/Src/main.o
 .debug_abbrev  0x00000000000002ad       0xa2 Core/Src/nlms_filter.o
 .debug_abbrev  0x000000000000034f      0x1ef Core/Src/stm32f4xx_hal_msp.o
 .debug_abbrev  0x000000000000053e      0x149 Core/Src/stm32f4xx_it.o
 .debug_abbrev  0x0000000000000687      0x12b Core/Src/system_stm32f4xx.o
 .debug_abbrev  0x00000000000007b2       0x12 Core/Startup/startup_stm32f407vgtx.o
 .debug_abbrev  0x00000000000007c4      0x1c7 Drivers/STM32F4xx_HAL_Driver/Src/stm32f4xx_hal.o
 .debug_abbrev  0x000000000000098b      0x205 Drivers/STM32F4xx_HAL_Driver/Src/stm32f4xx_hal_adc.o
 .debug_abbrev  0x0000000000000b90      0x21c Drivers/STM32F4xx_HAL_Driver/Src/stm32f4xx_hal_adc_ex.o
 .debug_abbrev  0x0000000000000dac      0x2fa Drivers/STM32F4xx_HAL_Driver/Src/stm32f4xx_hal_cortex.o
 .debug_abbrev  0x00000000000010a6      0x229 Drivers/STM32F4xx_HAL_Driver/Src/stm32f4xx_hal_dma.o
 .debug_abbrev  0x00000000000012cf      0x1c9 Drivers/STM32F4xx_HAL_Driver/Src/stm32f4xx_hal_gpio.o
 .debug_abbrev  0x0000000000001498      0x254 Drivers/STM32F4xx_HAL_Driver/Src/stm32f4xx_hal_i2c.o
 .debug_abbrev  0x00000000000016ec      0x245 Drivers/STM32F4xx_HAL_Driver/Src/stm32f4xx_hal_rcc.o
 .debug_abbrev  0x0000000000001931      0x240 Drivers/STM32F4xx_HAL_Driver/Src/stm32f4xx_hal_spi.o
 .debug_abbrev  0x0000000000001b71      0x230 Drivers/STM32F4xx_HAL_Driver/Src/stm32f4xx_hal_tim.o
 .debug_abbrev  0x0000000000001da1      0x21e Drivers/STM32F4xx_HAL_Driver/Src/stm32f4xx_hal_tim_ex.o
 .debug_abbrev  0x0000000000001fbf      0x1df FATFS/App/fatfs.o
 .debug_abbrev  0x000000000000219e      0x200 FATFS/Target/user_diskio.o
 .debug_abbrev  0x000000000000239e      0x236 Middlewares/Third_Party/FatFs/src/ff_gen_drv.o

.debug_aranges  0x0000000000000000     0x10c8
 .debug_aranges
                0x0000000000000000       0x78 Core/Src/main.o
 .debug_aranges
                0x0000000000000078       0x30 Core/Src/nlms_filter.o
 .debug_aranges
                0x00000000000000a8       0x68 Core/Src/stm32f4xx_hal_msp.o
 .debug_aranges
                0x0000000000000110       0x68 Core/Src/stm32f4xx_it.o
 .debug_aranges
                0x0000000000000178       0x28 Core/Src/system_stm32f4xx.o
 .debug_aranges
                0x00000000000001a0       0x28 Core/Startup/startup_stm32f407vgtx.o
 .debug_aranges
                0x00000000000001c8       0xf0 Drivers/STM32F4xx_HAL_Driver/Src/stm32f4xx_hal.o
 .debug_aranges
                0x00000000000002b8       0xe8 Drivers/STM32F4xx_HAL_Driver/Src/stm32f4xx_hal_adc.o
 .debug_aranges
                0x00000000000003a0       0x90 Drivers/STM32F4xx_HAL_Driver/Src/stm32f4xx_hal_adc_ex.o
 .debug_aranges
                0x0000000000000430      0x118 Drivers/STM32F4xx_HAL_Driver/Src/stm32f4xx_hal_cortex.o
 .debug_aranges
                0x0000000000000548       0x90 Drivers/STM32F4xx_HAL_Driver/Src/stm32f4xx_hal_dma.o
 .debug_aranges
                0x00000000000005d8       0x58 Drivers/STM32F4xx_HAL_Driver/Src/stm32f4xx_hal_gpio.o
 .debug_aranges
                0x0000000000000630      0x2a0 Drivers/STM32F4xx_HAL_Driver/Src/stm32f4xx_hal_i2c.o
 .debug_aranges
                0x00000000000008d0       0x88 Drivers/STM32F4xx_HAL_Driver/Src/stm32f4xx_hal_rcc.o
 .debug_aranges
                0x0000000000000958      0x1d0 Drivers/STM32F4xx_HAL_Driver/Src/stm32f4xx_hal_spi.o
 .debug_aranges
                0x0000000000000b28      0x3a8 Drivers/STM32F4xx_HAL_Driver/Src/stm32f4xx_hal_tim.o
 .debug_aranges
                0x0000000000000ed0      0x150 Drivers/STM32F4xx_HAL_Driver/Src/stm32f4xx_hal_tim_ex.o
 .debug_aranges
                0x0000000000001020       0x28 FATFS/App/fatfs.o
 .debug_aranges
                0x0000000000001048       0x40 FATFS/Target/user_diskio.o
 .debug_aranges
                0x0000000000001088       0x40 Middlewares/Third_Party/FatFs/src/ff_gen_drv.o

.debug_ranges   0x0000000000000000      0xfb8
 .debug_ranges  0x0000000000000000       0x68 Core/Src/main.o
 .debug_ranges  0x0000000000000068       0x20 Core/Src/nlms_filter.o
 .debug_ranges  0x0000000000000088       0x58 Core/Src/stm32f4xx_hal_msp.o
 .debug_ranges  0x00000000000000e0       0x58 Core/Src/stm32f4xx_it.o
 .debug_ranges  0x0000000000000138       0x18 Core/Src/system_stm32f4xx.o
 .debug_ranges  0x0000000000000150       0x20 Core/Startup/startup_stm32f407vgtx.o
 .debug_ranges  0x0000000000000170       0xe0 Drivers/STM32F4xx_HAL_Driver/Src/stm32f4xx_hal.o
 .debug_ranges  0x0000000000000250       0xd8 Drivers/STM32F4xx_HAL_Driver/Src/stm32f4xx_hal_adc.o
 .debug_ranges  0x0000000000000328       0x80 Drivers/STM32F4xx_HAL_Driver/Src/stm32f4xx_hal_adc_ex.o
 .debug_ranges  0x00000000000003a8      0x108 Drivers/STM32F4xx_HAL_Driver/Src/stm32f4xx_hal_cortex.o
 .debug_ranges  0x00000000000004b0       0x80 Drivers/STM32F4xx_HAL_Driver/Src/stm32f4xx_hal_dma.o
 .debug_ranges  0x0000000000000530       0x48 Drivers/STM32F4xx_HAL_Driver/Src/stm32f4xx_hal_gpio.o
 .debug_ranges  0x0000000000000578      0x2b8 Drivers/STM32F4xx_HAL_Driver/Src/stm32f4xx_hal_i2c.o
 .debug_ranges  0x0000000000000830       0x78 Drivers/STM32F4xx_HAL_Driver/Src/stm32f4xx_hal_rcc.o
 .debug_ranges  0x00000000000008a8      0x1c0 Drivers/STM32F4xx_HAL_Driver/Src/stm32f4xx_hal_spi.o
 .debug_ranges  0x0000000000000a68      0x398 Drivers/STM32F4xx_HAL_Driver/Src/stm32f4xx_hal_tim.o
 .debug_ranges  0x0000000000000e00      0x140 Drivers/STM32F4xx_HAL_Driver/Src/stm32f4xx_hal_tim_ex.o
 .debug_ranges  0x0000000000000f40       0x18 FATFS/App/fatfs.o
 .debug_ranges  0x0000000000000f58       0x30 FATFS/Target/user_diskio.o
 .debug_ranges  0x0000000000000f88       0x30 Middlewares/Third_Party/FatFs/src/ff_gen_drv.o

.debug_macro    0x0000000000000000     0x2cd9
 .debug_macro   0x0000000000000000      0x366 Core/Src/main.o
 .debug_macro   0x0000000000000366       0xeb Core/Src/main.o
 .debug_macro   0x0000000000000451       0x63 Core/Src/nlms_filter.o
 .debug_macro   0x00000000000004b4      0x210 Core/Src/stm32f4xx_hal_msp.o
 .debug_macro   0x00000000000006c4      0x21a Core/Src/stm32f4xx_it.o
 .debug_macro   0x00000000000008de      0x207 Core/Src/system_stm32f4xx.o
 .debug_macro   0x0000000000000ae5      0x261 Drivers/STM32F4xx_HAL_Driver/Src/stm32f4xx_hal.o
 .debug_macro   0x0000000000000d46      0x202 Drivers/STM32F4xx_HAL_Driver/Src/stm32f4xx_hal_adc.o
 .debug_macro   0x0000000000000f48      0x201 Drivers/STM32F4xx_HAL_Driver/Src/stm32f4xx_hal_adc_ex.o
 .debug_macro   0x0000000000001149      0x201 Drivers/STM32F4xx_HAL_Driver/Src/stm32f4xx_hal_cortex.o
 .debug_macro   0x000000000000134a      0x207 Drivers/STM32F4xx_HAL_Driver/Src/stm32f4xx_hal_dma.o
 .debug_macro   0x0000000000001551      0x237 Drivers/STM32F4xx_HAL_Driver/Src/stm32f4xx_hal_gpio.o
 .debug_macro   0x0000000000001788      0x248 Drivers/STM32F4xx_HAL_Driver/Src/stm32f4xx_hal_i2c.o
 .debug_macro   0x00000000000019d0      0x225 Drivers/STM32F4xx_HAL_Driver/Src/stm32f4xx_hal_rcc.o
 .debug_macro   0x0000000000001bf5      0x210 Drivers/STM32F4xx_HAL_Driver/Src/stm32f4xx_hal_spi.o
 .debug_macro   0x0000000000001e05      0x202 Drivers/STM32F4xx_HAL_Driver/Src/stm32f4xx_hal_tim.o
 .debug_macro   0x0000000000002007      0x201 Drivers/STM32F4xx_HAL_Driver/Src/stm32f4xx_hal_tim_ex.o
 .debug_macro   0x0000000000002208      0x328 FATFS/App/fatfs.o
 .debug_macro   0x0000000000002530      0x357 FATFS/Target/user_diskio.o
 .debug_macro   0x0000000000002887       0x10 FATFS/Target/user_diskio.o
 .debug_macro   0x0000000000002897       0xd9 FATFS/Target/user_diskio.o
 .debug_macro   0x0000000000002970       0x54 FATFS/Target/user_diskio.o
 .debug_macro   0x00000000000029c4      0x315 Middlewares/Third_Party/FatFs/src/ff_gen_drv.o

.debug_line     0x0000000000000000     0xdb3c
 .debug_line    0x0000000000000000      0xace Core/Src/main.o
 .debug_line    0x0000000000000ace      0x410 Core/Src/nlms_filter.o
 .debug_line    0x0000000000000ede      0x818 Core/Src/stm32f4xx_hal_msp.o
 .debug_line    0x00000000000016f6      0x7d8 Core/Src/stm32f4xx_it.o
 .debug_line    0x0000000000001ece      0x73d Core/Src/system_stm32f4xx.o
 .debug_line    0x000000000000260b       0x85 Core/Startup/startup_stm32f407vgtx.o
 .debug_line    0x0000000000002690      0x927 Drivers/STM32F4xx_HAL_Driver/Src/stm32f4xx_hal.o
 .debug_line    0x0000000000002fb7      0xb8c Drivers/STM32F4xx_HAL_Driver/Src/stm32f4xx_hal_adc.o
 .debug_line    0x0000000000003b43      0xa2a Drivers/STM32F4xx_HAL_Driver/Src/stm32f4xx_hal_adc_ex.o
 .debug_line    0x000000000000456d      0xa4b Drivers/STM32F4xx_HAL_Driver/Src/stm32f4xx_hal_cortex.o
 .debug_line    0x0000000000004fb8      0x9f5 Drivers/STM32F4xx_HAL_Driver/Src/stm32f4xx_hal_dma.o
 .debug_line    0x00000000000059ad      0x906 Drivers/STM32F4xx_HAL_Driver/Src/stm32f4xx_hal_gpio.o
 .debug_line    0x00000000000062b3     0x1bd5 Drivers/STM32F4xx_HAL_Driver/Src/stm32f4xx_hal_i2c.o
 .debug_line    0x0000000000007e88      0x97f Drivers/STM32F4xx_HAL_Driver/Src/stm32f4xx_hal_rcc.o
 .debug_line    0x0000000000008807     0x10e3 Drivers/STM32F4xx_HAL_Driver/Src/stm32f4xx_hal_spi.o
 .debug_line    0x00000000000098ea     0x19a0 Drivers/STM32F4xx_HAL_Driver/Src/stm32f4xx_hal_tim.o
 .debug_line    0x000000000000b28a      0xd3d Drivers/STM32F4xx_HAL_Driver/Src/stm32f4xx_hal_tim_ex.o
 .debug_line    0x000000000000bfc7      0x8fa FATFS/App/fatfs.o
 .debug_line    0x000000000000c8c1      0x959 FATFS/Target/user_diskio.o
 .debug_line    0x000000000000d21a      0x922 Middlewares/Third_Party/FatFs/src/ff_gen_drv.o

.debug_str      0x0000000000000000    0xd02a8
 .debug_str     0x0000000000000000    0xcc65d Core/Src/main.o
                                      0xccb04 (size before relaxing)
 .debug_str     0x00000000000cc65d       0xa4 Core/Src/nlms_filter.o
                                       0x3ce7 (size before relaxing)
 .debug_str     0x00000000000cc701       0xeb Core/Src/stm32f4xx_hal_msp.o
                                      0xc8a3d (size before relaxing)
 .debug_str     0x00000000000cc7ec       0xd5 Core/Src/stm32f4xx_it.o
                                      0xc80d7 (size before relaxing)
 .debug_str     0x00000000000cc8c1       0xc4 Core/Src/system_stm32f4xx.o
                                      0xc7be4 (size before relaxing)
 .debug_str     0x00000000000cc985       0x36 Core/Startup/startup_stm32f407vgtx.o
                                         0x7b (size before relaxing)
 .debug_str     0x00000000000cc9bb      0x58d Drivers/STM32F4xx_HAL_Driver/Src/stm32f4xx_hal.o
                                      0xc86b1 (size before relaxing)
 .debug_str     0x00000000000ccf48      0x267 Drivers/STM32F4xx_HAL_Driver/Src/stm32f4xx_hal_adc.o
                                      0xc817b (size before relaxing)
 .debug_str     0x00000000000cd1af      0x2c4 Drivers/STM32F4xx_HAL_Driver/Src/stm32f4xx_hal_adc_ex.o
                                      0xc81b5 (size before relaxing)
 .debug_str     0x00000000000cd473      0x392 Drivers/STM32F4xx_HAL_Driver/Src/stm32f4xx_hal_cortex.o
                                      0xc84a0 (size before relaxing)
 .debug_str     0x00000000000cd805      0x31d Drivers/STM32F4xx_HAL_Driver/Src/stm32f4xx_hal_dma.o
                                      0xc7ff9 (size before relaxing)
 .debug_str     0x00000000000cdb22      0x20c Drivers/STM32F4xx_HAL_Driver/Src/stm32f4xx_hal_gpio.o
                                      0xc7e23 (size before relaxing)
 .debug_str     0x00000000000cdd2e      0xaae Drivers/STM32F4xx_HAL_Driver/Src/stm32f4xx_hal_i2c.o
                                      0xc8b51 (size before relaxing)
 .debug_str     0x00000000000ce7dc      0x24e Drivers/STM32F4xx_HAL_Driver/Src/stm32f4xx_hal_rcc.o
                                      0xc7fd1 (size before relaxing)
 .debug_str     0x00000000000cea2a      0x545 Drivers/STM32F4xx_HAL_Driver/Src/stm32f4xx_hal_spi.o
                                      0xc8452 (size before relaxing)
 .debug_str     0x00000000000cef6f      0xca5 Drivers/STM32F4xx_HAL_Driver/Src/stm32f4xx_hal_tim.o
                                      0xc8cf0 (size before relaxing)
 .debug_str     0x00000000000cfc14      0x4a2 Drivers/STM32F4xx_HAL_Driver/Src/stm32f4xx_hal_tim_ex.o
                                      0xc84f0 (size before relaxing)
 .debug_str     0x00000000000d00b6       0x2f FATFS/App/fatfs.o
                                      0xcb595 (size before relaxing)
 .debug_str     0x00000000000d00e5       0xf8 FATFS/Target/user_diskio.o
                                      0xcb544 (size before relaxing)
 .debug_str     0x00000000000d01dd       0xcb Middlewares/Third_Party/FatFs/src/ff_gen_drv.o
                                      0xcb506 (size before relaxing)

.comment        0x0000000000000000       0x7b
 .comment       0x0000000000000000       0x7b Core/Src/main.o
                                         0x7c (size before relaxing)
 .comment       0x000000000000007b       0x7c Core/Src/nlms_filter.o
 .comment       0x000000000000007b       0x7c Core/Src/stm32f4xx_hal_msp.o
 .comment       0x000000000000007b       0x7c Core/Src/stm32f4xx_it.o
 .comment       0x000000000000007b       0x7c Core/Src/system_stm32f4xx.o
 .comment       0x000000000000007b       0x7c Drivers/STM32F4xx_HAL_Driver/Src/stm32f4xx_hal.o
 .comment       0x000000000000007b       0x7c Drivers/STM32F4xx_HAL_Driver/Src/stm32f4xx_hal_adc.o
 .comment       0x000000000000007b       0x7c Drivers/STM32F4xx_HAL_Driver/Src/stm32f4xx_hal_adc_ex.o
 .comment       0x000000000000007b       0x7c Drivers/STM32F4xx_HAL_Driver/Src/stm32f4xx_hal_cortex.o
 .comment       0x000000000000007b       0x7c Drivers/STM32F4xx_HAL_Driver/Src/stm32f4xx_hal_dma.o
 .comment       0x000000000000007b       0x7c Drivers/STM32F4xx_HAL_Driver/Src/stm32f4xx_hal_gpio.o
 .comment       0x000000000000007b       0x7c Drivers/STM32F4xx_HAL_Driver/Src/stm32f4xx_hal_i2c.o
 .comment       0x000000000000007b       0x7c Drivers/STM32F4xx_HAL_Driver/Src/stm32f4xx_hal_rcc.o
 .comment       0x000000000000007b       0x7c Drivers/STM32F4xx_HAL_Driver/Src/stm32f4xx_hal_spi.o
 .comment       0x000000000000007b       0x7c Drivers/STM32F4xx_HAL_Driver/Src/stm32f4xx_hal_tim.o
 .comment       0x000000000000007b       0x7c Drivers/STM32F4xx_HAL_Driver/Src/stm32f4xx_hal_tim_ex.o
 .comment       0x000000000000007b       0x7c FATFS/App/fatfs.o
 .comment       0x000000000000007b       0x7c FATFS/Target/user_diskio.o
 .comment       0x000000000000007b       0x7c Middlewares/Third_Party/FatFs/src/ff_gen_drv.o

.debug_frame    0x0000000000000000     0x46e0
 .debug_frame   0x0000000000000000      0x1ac Core/Src/main.o
 .debug_frame   0x00000000000001ac       0x88 Core/Src/nlms_filter.o
 .debug_frame   0x0000000000000234      0x180 Core/Src/stm32f4xx_hal_msp.o
 .debug_frame   0x00000000000003b4      0x128 Core/Src/stm32f4xx_it.o
 .debug_frame   0x00000000000004dc       0x58 Core/Src/system_stm32f4xx.o
 .debug_frame   0x0000000000000534      0x374 Drivers/STM32F4xx_HAL_Driver/Src/stm32f4xx_hal.o
 .debug_frame   0x00000000000008a8      0x3fc Drivers/STM32F4xx_HAL_Driver/Src/stm32f4xx_hal_adc.o
 .debug_frame   0x0000000000000ca4      0x250 Drivers/STM32F4xx_HAL_Driver/Src/stm32f4xx_hal_adc_ex.o
 .debug_frame   0x0000000000000ef4      0x498 Drivers/STM32F4xx_HAL_Driver/Src/stm32f4xx_hal_cortex.o
 .debug_frame   0x000000000000138c      0x250 Drivers/STM32F4xx_HAL_Driver/Src/stm32f4xx_hal_dma.o
 .debug_frame   0x00000000000015dc      0x14c Drivers/STM32F4xx_HAL_Driver/Src/stm32f4xx_hal_gpio.o
 .debug_frame   0x0000000000001728      0xc5c Drivers/STM32F4xx_HAL_Driver/Src/stm32f4xx_hal_i2c.o
 .debug_frame   0x0000000000002384      0x1f0 Drivers/STM32F4xx_HAL_Driver/Src/stm32f4xx_hal_rcc.o
 .debug_frame   0x0000000000002574      0x824 Drivers/STM32F4xx_HAL_Driver/Src/stm32f4xx_hal_spi.o
 .debug_frame   0x0000000000002d98     0x10f0 Drivers/STM32F4xx_HAL_Driver/Src/stm32f4xx_hal_tim.o
 .debug_frame   0x0000000000003e88      0x5c0 Drivers/STM32F4xx_HAL_Driver/Src/stm32f4xx_hal_tim_ex.o
 .debug_frame   0x0000000000004448       0x4c FATFS/App/fatfs.o
 .debug_frame   0x0000000000004494       0xd8 FATFS/Target/user_diskio.o
 .debug_frame   0x000000000000456c       0xc8 Middlewares/Third_Party/FatFs/src/ff_gen_drv.o
 .debug_frame   0x0000000000004634       0x2c c:/st/stm32cubeide_1.4.0/stm32cubeide/plugins/com.st.stm32cube.ide.mcu.externaltools.gnu-tools-for-stm32.7-2018-q2-update.win32_1.4.0.202007081208/tools/bin/../lib/gcc/arm-none-eabi/7.3.1/../../../../arm-none-eabi/lib/thumb/v7e-m/fpv4-sp/hard\libc_nano.a(lib_a-init.o)
 .debug_frame   0x0000000000004660       0x20 c:/st/stm32cubeide_1.4.0/stm32cubeide/plugins/com.st.stm32cube.ide.mcu.externaltools.gnu-tools-for-stm32.7-2018-q2-update.win32_1.4.0.202007081208/tools/bin/../lib/gcc/arm-none-eabi/7.3.1/../../../../arm-none-eabi/lib/thumb/v7e-m/fpv4-sp/hard\libc_nano.a(lib_a-memset.o)
 .debug_frame   0x0000000000004680       0x2c c:/st/stm32cubeide_1.4.0/stm32cubeide/plugins/com.st.stm32cube.ide.mcu.externaltools.gnu-tools-for-stm32.7-2018-q2-update.win32_1.4.0.202007081208/tools/bin/../lib/gcc/arm-none-eabi/7.3.1/thumb/v7e-m/fpv4-sp/hard\libgcc.a(_aeabi_uldivmod.o)
 .debug_frame   0x00000000000046ac       0x34 c:/st/stm32cubeide_1.4.0/stm32cubeide/plugins/com.st.stm32cube.ide.mcu.externaltools.gnu-tools-for-stm32.7-2018-q2-update.win32_1.4.0.202007081208/tools/bin/../lib/gcc/arm-none-eabi/7.3.1/thumb/v7e-m/fpv4-sp/hard\libgcc.a(_udivmoddi4.o)
