user_diskio_spi.c:84:6:SPI_Timer_On	16	static
user_diskio_spi.c:89:9:SPI_Timer_Status	8	static
user_diskio_spi.c:99:6:xchg_spi	32	static
user_diskio_spi.c:111:6:rcvr_spi_multi	32	static
user_diskio_spi.c:125:6:xmit_spi_multi	24	static
user_diskio_spi.c:142:5:wait_ready	32	static
user_diskio_spi.c:169:6:despiselect	8	static
user_diskio_spi.c:183:5:spiselect	8	static
user_diskio_spi.c:200:5:rcvr_datablock	24	static
user_diskio_spi.c:229:5:xmit_datablock	24	static
user_diskio_spi.c:257:6:send_cmd	24	static
user_diskio_spi.c:314:16:USER_SPI_initialize	32	static
user_diskio_spi.c:370:16:USER_SPI_status	16	static
user_diskio_spi.c:385:16:USER_SPI_read	24	static
user_diskio_spi.c:424:16:USER_SPI_write	24	static
user_diskio_spi.c:465:16:USER_SPI_ioctl	56	static
